###############################################################################
#
# IAR ELF Linker V8.22.1.15669/W32 for ARM                27/Mar/2018  19:00:06
# Copyright 2007-2018 IAR Systems AB.
#
#    Output file  =  
#        E:\Users\bertz\Documents\GitHub\SmartBoxPro\EWARM\MSmartBoxV1.0\Exe\MSmartBoxV1.0.out
#    Map file     =  
#        E:\Users\bertz\Documents\GitHub\SmartBoxPro\EWARM\MSmartBoxV1.0\List\MSmartBoxV1.0.map
#    Command line =  
#        -f C:\Users\bertz\AppData\Local\Temp\EW24F5.tmp
#        (E:\Users\bertz\Documents\GitHub\SmartBoxPro\EWARM\MSmartBoxV1.0\Obj\bsp_Can.o
#        E:\Users\bertz\Documents\GitHub\SmartBoxPro\EWARM\MSmartBoxV1.0\Obj\bsp_LockGpio.o
#        E:\Users\bertz\Documents\GitHub\SmartBoxPro\EWARM\MSmartBoxV1.0\Obj\can.o
#        E:\Users\bertz\Documents\GitHub\SmartBoxPro\EWARM\MSmartBoxV1.0\Obj\gpio.o
#        E:\Users\bertz\Documents\GitHub\SmartBoxPro\EWARM\MSmartBoxV1.0\Obj\main.o
#        E:\Users\bertz\Documents\GitHub\SmartBoxPro\EWARM\MSmartBoxV1.0\Obj\startup_stm32f103xe.o
#        E:\Users\bertz\Documents\GitHub\SmartBoxPro\EWARM\MSmartBoxV1.0\Obj\stm32f1xx_hal.o
#        E:\Users\bertz\Documents\GitHub\SmartBoxPro\EWARM\MSmartBoxV1.0\Obj\stm32f1xx_hal_can.o
#        E:\Users\bertz\Documents\GitHub\SmartBoxPro\EWARM\MSmartBoxV1.0\Obj\stm32f1xx_hal_cortex.o
#        E:\Users\bertz\Documents\GitHub\SmartBoxPro\EWARM\MSmartBoxV1.0\Obj\stm32f1xx_hal_dma.o
#        E:\Users\bertz\Documents\GitHub\SmartBoxPro\EWARM\MSmartBoxV1.0\Obj\stm32f1xx_hal_flash.o
#        E:\Users\bertz\Documents\GitHub\SmartBoxPro\EWARM\MSmartBoxV1.0\Obj\stm32f1xx_hal_flash_ex.o
#        E:\Users\bertz\Documents\GitHub\SmartBoxPro\EWARM\MSmartBoxV1.0\Obj\stm32f1xx_hal_gpio.o
#        E:\Users\bertz\Documents\GitHub\SmartBoxPro\EWARM\MSmartBoxV1.0\Obj\stm32f1xx_hal_gpio_ex.o
#        E:\Users\bertz\Documents\GitHub\SmartBoxPro\EWARM\MSmartBoxV1.0\Obj\stm32f1xx_hal_msp.o
#        E:\Users\bertz\Documents\GitHub\SmartBoxPro\EWARM\MSmartBoxV1.0\Obj\stm32f1xx_hal_pwr.o
#        E:\Users\bertz\Documents\GitHub\SmartBoxPro\EWARM\MSmartBoxV1.0\Obj\stm32f1xx_hal_rcc.o
#        E:\Users\bertz\Documents\GitHub\SmartBoxPro\EWARM\MSmartBoxV1.0\Obj\stm32f1xx_hal_rcc_ex.o
#        E:\Users\bertz\Documents\GitHub\SmartBoxPro\EWARM\MSmartBoxV1.0\Obj\stm32f1xx_hal_tim.o
#        E:\Users\bertz\Documents\GitHub\SmartBoxPro\EWARM\MSmartBoxV1.0\Obj\stm32f1xx_hal_tim_ex.o
#        E:\Users\bertz\Documents\GitHub\SmartBoxPro\EWARM\MSmartBoxV1.0\Obj\stm32f1xx_it.o
#        E:\Users\bertz\Documents\GitHub\SmartBoxPro\EWARM\MSmartBoxV1.0\Obj\system_stm32f1xx.o
#        E:\Users\bertz\Documents\GitHub\SmartBoxPro\EWARM\MSmartBoxV1.0\Obj\tim.o
#        --redirect _Printf=_PrintfFull --redirect _Scanf=_ScanfFull -o
#        E:\Users\bertz\Documents\GitHub\SmartBoxPro\EWARM\MSmartBoxV1.0\Exe\MSmartBoxV1.0.out
#        --map
#        E:\Users\bertz\Documents\GitHub\SmartBoxPro\EWARM\MSmartBoxV1.0\List\MSmartBoxV1.0.map
#        --config
#        E:\Users\bertz\Documents\GitHub\SmartBoxPro\EWARM/stm32f103xe_flash.icf
#        --semihosting --entry __iar_program_start --vfe --text_out locale)
#
###############################################################################

*******************************************************************************
*** RUNTIME MODEL ATTRIBUTES
***

CppFlavor       = *
__SystemLibrary = DLib
__dlib_version  = 6


*******************************************************************************
*** HEAP SELECTION
***

The basic heap was selected because no calls to memory allocation
functions were found in the application outside of system library
functions, and there are calls to deallocation functions in the
application.


*******************************************************************************
*** PLACEMENT SUMMARY
***

"A0":  place at 0x08000000 { ro section .intvec };
"P1":  place in [from 0x08000000 to 0x0807ffff] { ro };
define block CSTACK with size = 1K, alignment = 8 { };
define block HEAP with size = 512, alignment = 8 { };
"P2":  place in [from 0x20000000 to 0x2000ffff] {
          rw, block CSTACK, block HEAP };
initialize by copy { rw };

  Section            Kind        Address    Size  Object
  -------            ----        -------    ----  ------
"A0":                                      0x130
  .intvec            ro code  0x08000000   0x130  startup_stm32f103xe.o [1]
                            - 0x08000130   0x130

"P1":                                     0x1bac
  .text              ro code  0x08000130   0x7b6  stm32f1xx_hal_can.o [1]
  .text              ro code  0x080008e8    0xe0  can.o [1]
  .text              ro code  0x080009c8     0xc  stm32f1xx_hal.o [1]
  .text              ro code  0x080009d4     0x2  stm32f1xx_hal_can.o [1]
  .text              ro code  0x080009d6     0x2  stm32f1xx_hal_can.o [1]
  .text              ro code  0x080009d8     0x2  stm32f1xx_hal_can.o [1]
  .text              ro code  0x080009dc   0x140  main.o [1]
  .text              ro code  0x08000b1c   0x1e8  stm32f1xx_hal_gpio.o [1]
  .text              ro code  0x08000d04    0x24  stm32f1xx_hal.o [1]
  .text              ro code  0x08000d28   0x17e  gpio.o [1]
  .text              ro code  0x08000ea8   0x13c  tim.o [1]
  .text              ro code  0x08000fe4    0xe6  stm32f1xx_hal_cortex.o [1]
  .text              ro code  0x080010cc    0x28  stm32f1xx_hal.o [1]
  .text              ro code  0x080010f4   0x4ba  stm32f1xx_hal_rcc.o [1]
  .text              ro code  0x080015b0    0x40  stm32f1xx_hal.o [1]
  .text              ro code  0x080015f0    0x88  stm32f1xx_hal_msp.o [1]
  .text              ro code  0x08001678   0x354  stm32f1xx_hal_tim.o [1]
  .text              ro code  0x080019cc    0x4a  stm32f1xx_hal_tim_ex.o [1]
  .text              ro code  0x08001a16     0x2  stm32f1xx_hal_tim.o [1]
  .text              ro code  0x08001a18     0x2  stm32f1xx_hal_tim.o [1]
  .text              ro code  0x08001a1a     0x2  stm32f1xx_hal_tim.o [1]
  .text              ro code  0x08001a1c     0x2  stm32f1xx_hal_tim_ex.o [1]
  .text              ro code  0x08001a1e     0x2  stm32f1xx_hal_tim.o [1]
  .text              ro code  0x08001a20     0x2  stm32f1xx_hal_tim_ex.o [1]
  .text              ro code  0x08001a22     0x2  stm32f1xx_hal_tim.o [1]
  .text              ro code  0x08001a24    0x5c  system_stm32f1xx.o [1]
  .text              ro code  0x08001a80    0x44  stm32f1xx_it.o [1]
  .text              ro code  0x08001ac4    0x10  stm32f1xx_hal.o [1]
  .text              ro code  0x08001ad4    0x40  zero_init3.o [4]
  .text              ro code  0x08001b14    0x2c  copy_init3.o [4]
  .text              ro code  0x08001b40    0x28  data_init.o [4]
  .iar.init_table    const    0x08001b68    0x24  - Linker created -
  .text              ro code  0x08001b8c    0x1e  cmain.o [4]
  .text              ro code  0x08001baa     0x4  low_level_init.o [3]
  .text              ro code  0x08001bae     0x4  exit.o [3]
  .text              ro code  0x08001bb4     0xa  cexit.o [4]
  .text              ro code  0x08001bc0    0x14  exit.o [5]
  .text              ro code  0x08001bd4    0x10  startup_stm32f103xe.o [1]
  Initializer bytes  const    0x08001be4    0x10  <for P2-1>
  .text              ro code  0x08001bf4     0xc  cstartup_M.o [4]
  .text              ro code  0x08001c00     0x4  startup_stm32f103xe.o [1]
  .text              ro code  0x08001c04     0x4  startup_stm32f103xe.o [1]
  .text              ro code  0x08001c08     0x4  startup_stm32f103xe.o [1]
  .text              ro code  0x08001c0c     0x4  startup_stm32f103xe.o [1]
  .text              ro code  0x08001c10     0x4  startup_stm32f103xe.o [1]
  .text              ro code  0x08001c14     0x4  startup_stm32f103xe.o [1]
  .text              ro code  0x08001c18     0x4  startup_stm32f103xe.o [1]
  .text              ro code  0x08001c1c     0x4  startup_stm32f103xe.o [1]
  .text              ro code  0x08001c20     0x4  startup_stm32f103xe.o [1]
  .text              ro code  0x08001c24     0x4  startup_stm32f103xe.o [1]
  .text              ro code  0x08001c28     0x4  startup_stm32f103xe.o [1]
  .text              ro code  0x08001c2c     0x4  startup_stm32f103xe.o [1]
  .text              ro code  0x08001c30     0x4  startup_stm32f103xe.o [1]
  .text              ro code  0x08001c34     0x4  startup_stm32f103xe.o [1]
  .text              ro code  0x08001c38     0x4  startup_stm32f103xe.o [1]
  .text              ro code  0x08001c3c     0x4  startup_stm32f103xe.o [1]
  .text              ro code  0x08001c40     0x4  startup_stm32f103xe.o [1]
  .text              ro code  0x08001c44     0x4  startup_stm32f103xe.o [1]
  .text              ro code  0x08001c48     0x4  startup_stm32f103xe.o [1]
  .text              ro code  0x08001c4c     0x4  startup_stm32f103xe.o [1]
  .text              ro code  0x08001c50     0x4  startup_stm32f103xe.o [1]
  .text              ro code  0x08001c54     0x4  startup_stm32f103xe.o [1]
  .text              ro code  0x08001c58     0x4  startup_stm32f103xe.o [1]
  .text              ro code  0x08001c5c     0x4  startup_stm32f103xe.o [1]
  .text              ro code  0x08001c60     0x4  startup_stm32f103xe.o [1]
  .text              ro code  0x08001c64     0x4  startup_stm32f103xe.o [1]
  .text              ro code  0x08001c68     0x4  startup_stm32f103xe.o [1]
  .text              ro code  0x08001c6c     0x4  startup_stm32f103xe.o [1]
  .text              ro code  0x08001c70     0x4  startup_stm32f103xe.o [1]
  .text              ro code  0x08001c74     0x4  startup_stm32f103xe.o [1]
  .text              ro code  0x08001c78     0x4  startup_stm32f103xe.o [1]
  .text              ro code  0x08001c7c     0x4  startup_stm32f103xe.o [1]
  .text              ro code  0x08001c80     0x4  startup_stm32f103xe.o [1]
  .text              ro code  0x08001c84     0x4  startup_stm32f103xe.o [1]
  .text              ro code  0x08001c88     0x4  startup_stm32f103xe.o [1]
  .text              ro code  0x08001c8c     0x4  startup_stm32f103xe.o [1]
  .text              ro code  0x08001c90     0x4  startup_stm32f103xe.o [1]
  .text              ro code  0x08001c94     0x4  startup_stm32f103xe.o [1]
  .text              ro code  0x08001c98     0x4  startup_stm32f103xe.o [1]
  .text              ro code  0x08001c9c     0x4  startup_stm32f103xe.o [1]
  .text              ro code  0x08001ca0     0x4  startup_stm32f103xe.o [1]
  .text              ro code  0x08001ca4     0x4  startup_stm32f103xe.o [1]
  .text              ro code  0x08001ca8     0x4  startup_stm32f103xe.o [1]
  .text              ro code  0x08001cac     0x4  startup_stm32f103xe.o [1]
  .text              ro code  0x08001cb0     0x4  startup_stm32f103xe.o [1]
  .text              ro code  0x08001cb4     0x4  startup_stm32f103xe.o [1]
  .text              ro code  0x08001cb8     0x4  startup_stm32f103xe.o [1]
  .text              ro code  0x08001cbc     0x4  startup_stm32f103xe.o [1]
  .text              ro code  0x08001cc0     0x4  startup_stm32f103xe.o [1]
  .text              ro code  0x08001cc4     0x4  startup_stm32f103xe.o [1]
  .text              ro code  0x08001cc8     0x4  startup_stm32f103xe.o [1]
  .text              ro code  0x08001ccc     0x4  startup_stm32f103xe.o [1]
  .text              ro code  0x08001cd0     0x4  startup_stm32f103xe.o [1]
  .text              ro code  0x08001cd4     0x4  startup_stm32f103xe.o [1]
  .text              ro code  0x08001cd8     0x4  startup_stm32f103xe.o [1]
  .rodata            const    0x08001cdc     0x0  zero_init3.o [4]
  .rodata            const    0x08001cdc     0x0  copy_init3.o [4]
                            - 0x08001cdc  0x1bac

"P2", part 1 of 3:                          0x10
  P2-1                        0x20000000    0x10  <Init block>
    .data            inited   0x20000000     0xc  stm32f1xx_hal.o [1]
    .data            inited   0x2000000c     0x4  system_stm32f1xx.o [1]
                            - 0x20000010    0x10

"P2", part 2 of 3:                          0xc4
  .bss               zero     0x20000010    0x44  can.o [1]
  .bss               zero     0x20000054    0x40  tim.o [1]
  .bss               zero     0x20000094    0x40  tim.o [1]
                            - 0x200000d4    0xc4

"P2", part 3 of 3:                         0x400
  CSTACK                      0x200000d8   0x400  <Block>
    CSTACK           uninit   0x200000d8   0x400  <Block tail>
                            - 0x200004d8   0x400


*******************************************************************************
*** INIT TABLE
***

          Address     Size
          -------     ----
Zero (__iar_zero_init3)
    1 destination range, total size 0xc4:
          0x20000010  0xc4

Copy (__iar_copy_init3)
    1 source range, total size 0x10:
          0x08001be4  0x10
    1 destination range, total size 0x10:
          0x20000000  0x10



*******************************************************************************
*** MODULE SUMMARY
***

    Module                  ro code  ro data  rw data
    ------                  -------  -------  -------
E:\Users\bertz\Documents\GitHub\SmartBoxPro\EWARM\MSmartBoxV1.0\Obj: [1]
    can.o                       224                68
    gpio.o                      382
    main.o                      320
    startup_stm32f103xe.o       540
    stm32f1xx_hal.o             168       12       12
    stm32f1xx_hal_can.o       1 980
    stm32f1xx_hal_cortex.o      230
    stm32f1xx_hal_gpio.o        488
    stm32f1xx_hal_msp.o         136
    stm32f1xx_hal_rcc.o       1 210
    stm32f1xx_hal_tim.o         862
    stm32f1xx_hal_tim_ex.o       78
    stm32f1xx_it.o               68
    system_stm32f1xx.o           92        4        4
    tim.o                       316               128
    -------------------------------------------------
    Total:                    7 094       16      212

command line: [2]
    -------------------------------------------------
    Total:

dl7M_tlf.a: [3]
    exit.o                        4
    low_level_init.o              4
    -------------------------------------------------
    Total:                        8

rt7M_tl.a: [4]
    cexit.o                      10
    cmain.o                      30
    copy_init3.o                 44
    cstartup_M.o                 12
    data_init.o                  40
    zero_init3.o                 64
    -------------------------------------------------
    Total:                      200

shb_l.a: [5]
    exit.o                       20
    -------------------------------------------------
    Total:                       20

    Gaps                         14
    Linker created                        36    1 024
-----------------------------------------------------
    Grand Total:              7 336       52    1 236


*******************************************************************************
*** ENTRY LIST
***

Entry                      Address   Size  Type      Object
-----                      -------   ----  ----      ------
.iar.init_table$$Base   0x08001b68          --   Gb  - Linker created -
.iar.init_table$$Limit  0x08001b8c          --   Gb  - Linker created -
?main                   0x08001b8d         Code  Gb  cmain.o [4]
AHBPrescTable           0x08001a70   0x10  Data  Gb  system_stm32f1xx.o [1]
BusFault_Handler        0x08001a87    0x2  Code  Gb  stm32f1xx_it.o [1]
CAN1_RX1_IRQHandler     0x08001aa1    0x2  Code  Gb  stm32f1xx_it.o [1]
CAN1_SCE_IRQHandler     0x08001aa9    0x2  Code  Gb  stm32f1xx_it.o [1]
CAN_Receive_IT          0x080007b3  0x12a  Code  Lc  stm32f1xx_hal_can.o [1]
CSTACK$$Base            0x200000d8          --   Gb  - Linker created -
CSTACK$$Limit           0x200004d8          --   Gb  - Linker created -
DebugMon_Handler        0x08001a8d    0x2  Code  Gb  stm32f1xx_it.o [1]
HAL_CAN_GetState        0x080007ad    0x6  Code  Gb  stm32f1xx_hal_can.o [1]
HAL_CAN_IRQHandler      0x080005a7  0x1f0  Code  Gb  stm32f1xx_hal_can.o [1]
HAL_CAN_Init            0x08000131   0xe4  Code  Gb  stm32f1xx_hal_can.o [1]
HAL_CAN_MspInit         0x0800092d   0x52  Code  Gb  can.o [1]
HAL_CAN_Receive         0x080003c7  0x1ba  Code  Gb  stm32f1xx_hal_can.o [1]
HAL_CAN_Transmit        0x08000215  0x1a6  Code  Gb  stm32f1xx_hal_can.o [1]
HAL_Delay               0x080010cd   0x28  Code  Wk  stm32f1xx_hal.o [1]
HAL_GPIO_Init           0x08000b1d  0x196  Code  Gb  stm32f1xx_hal_gpio.o [1]
HAL_GPIO_TogglePin      0x08000cbf    0x8  Code  Gb  stm32f1xx_hal_gpio.o [1]
HAL_GPIO_WritePin       0x08000cb3    0xc  Code  Gb  stm32f1xx_hal_gpio.o [1]
HAL_GetTick             0x080009c9    0xc  Code  Wk  stm32f1xx_hal.o [1]
HAL_IncTick             0x08001ac5   0x10  Code  Wk  stm32f1xx_hal.o [1]
HAL_Init                0x08000d05   0x20  Code  Gb  stm32f1xx_hal.o [1]
HAL_InitTick            0x080015b1   0x40  Code  Wk  stm32f1xx_hal.o [1]
HAL_MspInit             0x080015f1   0x88  Code  Gb  stm32f1xx_hal_msp.o [1]
HAL_NVIC_EnableIRQ      0x08001057    0xa  Code  Gb  stm32f1xx_hal_cortex.o [1]
HAL_NVIC_SetPriority    0x0800101d   0x3a  Code  Gb  stm32f1xx_hal_cortex.o [1]
HAL_NVIC_SetPriorityGrouping
                        0x08001003   0x1a  Code  Gb  stm32f1xx_hal_cortex.o [1]
HAL_RCC_ClockConfig     0x08001411  0x10c  Code  Gb  stm32f1xx_hal_rcc.o [1]
HAL_RCC_GetHCLKFreq     0x0800156d    0x6  Code  Gb  stm32f1xx_hal_rcc.o [1]
HAL_RCC_GetSysClockFreq
                        0x08001531   0x3c  Code  Gb  stm32f1xx_hal_rcc.o [1]
HAL_RCC_GetSysClockFreq::aPLLMULFactorTable
                        0x0800159c   0x10  Data  Lc  stm32f1xx_hal_rcc.o [1]
HAL_RCC_GetSysClockFreq::aPredivFactorTable
                        0x080015ac    0x2  Data  Lc  stm32f1xx_hal_rcc.o [1]
HAL_RCC_OscConfig       0x080010f5  0x314  Code  Gb  stm32f1xx_hal_rcc.o [1]
HAL_SYSTICK_CLKSourceConfig
                        0x08001093   0x1a  Code  Gb  stm32f1xx_hal_cortex.o [1]
HAL_SYSTICK_Config      0x0800106b   0x28  Code  Gb  stm32f1xx_hal_cortex.o [1]
HAL_SYSTICK_IRQHandler  0x080010c5    0x4  Code  Gb  stm32f1xx_hal_cortex.o [1]
HAL_TIMEx_BreakCallback
                        0x08001a1d    0x2  Code  Wk  stm32f1xx_hal_tim_ex.o [1]
HAL_TIMEx_CommutationCallback
                        0x08001a21    0x2  Code  Wk  stm32f1xx_hal_tim_ex.o [1]
HAL_TIMEx_MasterConfigSynchronization
                        0x080019cd   0x4a  Code  Gb  stm32f1xx_hal_tim_ex.o [1]
HAL_TIM_Base_Init       0x08001679   0x1a  Code  Gb  stm32f1xx_hal_tim.o [1]
HAL_TIM_Base_MspInit    0x08000f61   0x38  Code  Gb  tim.o [1]
HAL_TIM_ConfigClockSource
                        0x080017ff   0xac  Code  Gb  stm32f1xx_hal_tim.o [1]
HAL_TIM_IRQHandler      0x080016b7  0x142  Code  Gb  stm32f1xx_hal_tim.o [1]
HardFault_Handler       0x08001a83    0x2  Code  Gb  stm32f1xx_it.o [1]
MX_CAN_Init             0x080008e9   0x44  Code  Gb  can.o [1]
MX_GPIO_Init            0x08000d29  0x13c  Code  Gb  gpio.o [1]
MX_TIM4_Init            0x08000ea9   0x42  Code  Gb  tim.o [1]
MX_TIM5_Init            0x08000eed   0x44  Code  Gb  tim.o [1]
MemManage_Handler       0x08001a85    0x2  Code  Gb  stm32f1xx_it.o [1]
NMI_Handler             0x08001a81    0x2  Code  Gb  stm32f1xx_it.o [1]
NVIC_SetPriority        0x08000fe5   0x1e  Code  Lc  stm32f1xx_hal_cortex.o [1]
PendSV_Handler          0x08001a8f    0x2  Code  Gb  stm32f1xx_it.o [1]
Region$$Table$$Base     0x08001b68          --   Gb  - Linker created -
Region$$Table$$Limit    0x08001b8c          --   Gb  - Linker created -
SVC_Handler             0x08001a8b    0x2  Code  Gb  stm32f1xx_it.o [1]
SysTick_Handler         0x08001a91    0xe  Code  Gb  stm32f1xx_it.o [1]
SystemClock_Config      0x08000aa9   0x72  Code  Gb  main.o [1]
SystemCoreClock         0x2000000c    0x4  Data  Gb  system_stm32f1xx.o [1]
SystemInit              0x08001a25   0x3a  Code  Gb  system_stm32f1xx.o [1]
TIM4_IRQHandler         0x08001aab    0x6  Code  Gb  stm32f1xx_it.o [1]
TIM5_IRQHandler         0x08001ab1    0x6  Code  Gb  stm32f1xx_it.o [1]
TIM_Base_SetConfig      0x080018d5   0x74  Code  Gb  stm32f1xx_hal_tim.o [1]
TIM_ETR_SetConfig       0x080019b3   0x14  Code  Lc  stm32f1xx_hal_tim.o [1]
TIM_ITRx_SetConfig      0x080019a3   0x10  Code  Lc  stm32f1xx_hal_tim.o [1]
TIM_TI1_ConfigInputStage
                        0x08001961   0x1e  Code  Lc  stm32f1xx_hal_tim.o [1]
TIM_TI2_ConfigInputStage
                        0x0800197f   0x24  Code  Lc  stm32f1xx_hal_tim.o [1]
USB_LP_CAN1_RX0_IRQHandler
                        0x08001a9f    0x2  Code  Gb  stm32f1xx_it.o [1]
UsageFault_Handler      0x08001a89    0x2  Code  Gb  stm32f1xx_it.o [1]
_Error_Handler          0x08000b1b    0x2  Code  Gb  main.o [1]
__cmain                 0x08001b8d         Code  Gb  cmain.o [4]
__exit                  0x08001bc1   0x14  Code  Gb  exit.o [5]
__iar_copy_init3        0x08001b15   0x2c  Code  Gb  copy_init3.o [4]
__iar_data_init3        0x08001b41   0x28  Code  Gb  data_init.o [4]
__iar_program_start     0x08001bf5         Code  Gb  cstartup_M.o [4]
__iar_systems$$module {Abs}
                        0x00000001         Data  Gb  command line/config [2]
__iar_zero_init3        0x08001ad5   0x40  Code  Gb  zero_init3.o [4]
__low_level_init        0x08001bab    0x4  Code  Gb  low_level_init.o [3]
__vector_table          0x08000000         Data  Gb  startup_stm32f103xe.o [1]
_call_main              0x08001b99         Code  Gb  cmain.o [4]
_exit                   0x08001bb5         Code  Gb  cexit.o [4]
_main                   0x08001ba7         Code  Gb  cmain.o [4]
exit                    0x08001baf    0x4  Code  Gb  exit.o [3]
hcan                    0x20000010   0x44  Data  Gb  can.o [1]
htim4                   0x20000054   0x40  Data  Gb  tim.o [1]
htim5                   0x20000094   0x40  Data  Gb  tim.o [1]
main                    0x080009dd   0xc2  Code  Gb  main.o [1]
uwTick                  0x20000004    0x4  Data  Gb  stm32f1xx_hal.o [1]
uwTickFreq              0x20000000    0x1  Data  Gb  stm32f1xx_hal.o [1]
uwTickPrio              0x20000008    0x4  Data  Gb  stm32f1xx_hal.o [1]


[1] = E:\Users\bertz\Documents\GitHub\SmartBoxPro\EWARM\MSmartBoxV1.0\Obj
[2] = command line
[3] = dl7M_tlf.a
[4] = rt7M_tl.a
[5] = shb_l.a

  7 336 bytes of readonly  code memory
     52 bytes of readonly  data memory
  1 236 bytes of readwrite data memory

Errors: none
Warnings: none
