###############################################################################
#
# IAR ELF Linker V8.22.1.15669/W32 for ARM                29/Mar/2018  09:30:11
# Copyright 2007-2018 IAR Systems AB.
#
#    Output file  =  
#        E:\Users\bertz\Documents\GitHub\SmartBoxPro\EWARM\MSmartBoxV1.0\Exe\MSmartBoxV1.0.out
#    Map file     =  
#        E:\Users\bertz\Documents\GitHub\SmartBoxPro\EWARM\MSmartBoxV1.0\List\MSmartBoxV1.0.map
#    Command line =  
#        -f C:\Users\bertz\AppData\Local\Temp\EW9FA6.tmp
#        (E:\Users\bertz\Documents\GitHub\SmartBoxPro\EWARM\MSmartBoxV1.0\Obj\bsp_Can.o
#        E:\Users\bertz\Documents\GitHub\SmartBoxPro\EWARM\MSmartBoxV1.0\Obj\bsp_LockGpio.o
#        E:\Users\bertz\Documents\GitHub\SmartBoxPro\EWARM\MSmartBoxV1.0\Obj\can.o
#        E:\Users\bertz\Documents\GitHub\SmartBoxPro\EWARM\MSmartBoxV1.0\Obj\gpio.o
#        E:\Users\bertz\Documents\GitHub\SmartBoxPro\EWARM\MSmartBoxV1.0\Obj\main.o
#        E:\Users\bertz\Documents\GitHub\SmartBoxPro\EWARM\MSmartBoxV1.0\Obj\startup_stm32f103xe.o
#        E:\Users\bertz\Documents\GitHub\SmartBoxPro\EWARM\MSmartBoxV1.0\Obj\stm32f1xx_hal.o
#        E:\Users\bertz\Documents\GitHub\SmartBoxPro\EWARM\MSmartBoxV1.0\Obj\stm32f1xx_hal_can.o
#        E:\Users\bertz\Documents\GitHub\SmartBoxPro\EWARM\MSmartBoxV1.0\Obj\stm32f1xx_hal_cortex.o
#        E:\Users\bertz\Documents\GitHub\SmartBoxPro\EWARM\MSmartBoxV1.0\Obj\stm32f1xx_hal_dma.o
#        E:\Users\bertz\Documents\GitHub\SmartBoxPro\EWARM\MSmartBoxV1.0\Obj\stm32f1xx_hal_flash.o
#        E:\Users\bertz\Documents\GitHub\SmartBoxPro\EWARM\MSmartBoxV1.0\Obj\stm32f1xx_hal_flash_ex.o
#        E:\Users\bertz\Documents\GitHub\SmartBoxPro\EWARM\MSmartBoxV1.0\Obj\stm32f1xx_hal_gpio.o
#        E:\Users\bertz\Documents\GitHub\SmartBoxPro\EWARM\MSmartBoxV1.0\Obj\stm32f1xx_hal_gpio_ex.o
#        E:\Users\bertz\Documents\GitHub\SmartBoxPro\EWARM\MSmartBoxV1.0\Obj\stm32f1xx_hal_msp.o
#        E:\Users\bertz\Documents\GitHub\SmartBoxPro\EWARM\MSmartBoxV1.0\Obj\stm32f1xx_hal_pwr.o
#        E:\Users\bertz\Documents\GitHub\SmartBoxPro\EWARM\MSmartBoxV1.0\Obj\stm32f1xx_hal_rcc.o
#        E:\Users\bertz\Documents\GitHub\SmartBoxPro\EWARM\MSmartBoxV1.0\Obj\stm32f1xx_hal_rcc_ex.o
#        E:\Users\bertz\Documents\GitHub\SmartBoxPro\EWARM\MSmartBoxV1.0\Obj\stm32f1xx_hal_tim.o
#        E:\Users\bertz\Documents\GitHub\SmartBoxPro\EWARM\MSmartBoxV1.0\Obj\stm32f1xx_hal_tim_ex.o
#        E:\Users\bertz\Documents\GitHub\SmartBoxPro\EWARM\MSmartBoxV1.0\Obj\stm32f1xx_it.o
#        E:\Users\bertz\Documents\GitHub\SmartBoxPro\EWARM\MSmartBoxV1.0\Obj\system_stm32f1xx.o
#        E:\Users\bertz\Documents\GitHub\SmartBoxPro\EWARM\MSmartBoxV1.0\Obj\tim.o
#        --redirect _Printf=_PrintfFull --redirect _Scanf=_ScanfFull -o
#        E:\Users\bertz\Documents\GitHub\SmartBoxPro\EWARM\MSmartBoxV1.0\Exe\MSmartBoxV1.0.out
#        --map
#        E:\Users\bertz\Documents\GitHub\SmartBoxPro\EWARM\MSmartBoxV1.0\List\MSmartBoxV1.0.map
#        --config
#        E:\Users\bertz\Documents\GitHub\SmartBoxPro\EWARM/stm32f103xe_flash.icf
#        --semihosting --entry __iar_program_start --vfe --text_out locale)
#
###############################################################################

*******************************************************************************
*** RUNTIME MODEL ATTRIBUTES
***

CppFlavor       = *
__SystemLibrary = DLib
__dlib_version  = 6


*******************************************************************************
*** HEAP SELECTION
***

The basic heap was selected because no calls to memory allocation
functions were found in the application outside of system library
functions, and there are calls to deallocation functions in the
application.


*******************************************************************************
*** PLACEMENT SUMMARY
***

"A0":  place at 0x08000000 { ro section .intvec };
"P1":  place in [from 0x08000000 to 0x0807ffff] { ro };
define block CSTACK with size = 1K, alignment = 8 { };
define block HEAP with size = 512, alignment = 8 { };
"P2":  place in [from 0x20000000 to 0x2000ffff] {
          rw, block CSTACK, block HEAP };
initialize by copy { rw };

  Section            Kind        Address    Size  Object
  -------            ----        -------    ----  ------
"A0":                                      0x130
  .intvec            ro code  0x08000000   0x130  startup_stm32f103xe.o [1]
                            - 0x08000130   0x130

"P1":                                     0x2558
  .text              ro code  0x08000130   0x868  bsp_LockGpio.o [1]
  .text              ro code  0x08000998   0x1f4  stm32f1xx_hal_gpio.o [1]
  .text              ro code  0x08000b8c    0xd8  bsp_Can.o [1]
  .text              ro code  0x08000c64    0x28  stm32f1xx_hal.o [1]
  .text              ro code  0x08000c8c   0x776  stm32f1xx_hal_can.o [1]
  .text              ro code  0x08001404     0xc  stm32f1xx_hal.o [1]
  .text              ro code  0x08001410    0xe0  can.o [1]
  .text              ro code  0x080014f0     0x2  stm32f1xx_hal_can.o [1]
  .text              ro code  0x080014f2     0x2  stm32f1xx_hal_can.o [1]
  .text              ro code  0x080014f4   0x1be  main.o [1]
  .text              ro code  0x080016b4    0x24  stm32f1xx_hal.o [1]
  .text              ro code  0x080016d8   0x18a  gpio.o [1]
  .text              ro code  0x08001864   0x13c  tim.o [1]
  .text              ro code  0x080019a0    0xe6  stm32f1xx_hal_cortex.o [1]
  .text              ro code  0x08001a88   0x36c  stm32f1xx_hal_tim.o [1]
  .text              ro code  0x08001df4   0x4ba  stm32f1xx_hal_rcc.o [1]
  .text              ro code  0x080022b0    0x40  stm32f1xx_hal.o [1]
  .text              ro code  0x080022f0    0x88  stm32f1xx_hal_msp.o [1]
  .text              ro code  0x08002378    0x4a  stm32f1xx_hal_tim_ex.o [1]
  .text              ro code  0x080023c2     0x2  stm32f1xx_hal_tim.o [1]
  .text              ro code  0x080023c4     0x2  stm32f1xx_hal_tim.o [1]
  .text              ro code  0x080023c6     0x2  stm32f1xx_hal_tim_ex.o [1]
  .text              ro code  0x080023c8     0x2  stm32f1xx_hal_tim.o [1]
  .text              ro code  0x080023ca     0x2  stm32f1xx_hal_tim_ex.o [1]
  .text              ro code  0x080023cc     0x2  stm32f1xx_hal_tim.o [1]
  .text              ro code  0x080023d0    0x5c  system_stm32f1xx.o [1]
  .text              ro code  0x0800242c    0x44  stm32f1xx_it.o [1]
  .text              ro code  0x08002470    0x10  stm32f1xx_hal.o [1]
  .text              ro code  0x08002480    0x40  zero_init3.o [4]
  .text              ro code  0x080024c0    0x2c  copy_init3.o [4]
  .text              ro code  0x080024ec    0x28  data_init.o [4]
  .iar.init_table    const    0x08002514    0x24  - Linker created -
  .text              ro code  0x08002538    0x1e  cmain.o [4]
  .text              ro code  0x08002556     0x4  low_level_init.o [3]
  .text              ro code  0x0800255a     0x4  exit.o [3]
  .text              ro code  0x08002560     0xa  cexit.o [4]
  .text              ro code  0x0800256c    0x14  exit.o [5]
  .text              ro code  0x08002580    0x10  startup_stm32f103xe.o [1]
  Initializer bytes  const    0x08002590    0x10  <for P2-1>
  .text              ro code  0x080025a0     0xc  cstartup_M.o [4]
  .text              ro code  0x080025ac     0x4  startup_stm32f103xe.o [1]
  .text              ro code  0x080025b0     0x4  startup_stm32f103xe.o [1]
  .text              ro code  0x080025b4     0x4  startup_stm32f103xe.o [1]
  .text              ro code  0x080025b8     0x4  startup_stm32f103xe.o [1]
  .text              ro code  0x080025bc     0x4  startup_stm32f103xe.o [1]
  .text              ro code  0x080025c0     0x4  startup_stm32f103xe.o [1]
  .text              ro code  0x080025c4     0x4  startup_stm32f103xe.o [1]
  .text              ro code  0x080025c8     0x4  startup_stm32f103xe.o [1]
  .text              ro code  0x080025cc     0x4  startup_stm32f103xe.o [1]
  .text              ro code  0x080025d0     0x4  startup_stm32f103xe.o [1]
  .text              ro code  0x080025d4     0x4  startup_stm32f103xe.o [1]
  .text              ro code  0x080025d8     0x4  startup_stm32f103xe.o [1]
  .text              ro code  0x080025dc     0x4  startup_stm32f103xe.o [1]
  .text              ro code  0x080025e0     0x4  startup_stm32f103xe.o [1]
  .text              ro code  0x080025e4     0x4  startup_stm32f103xe.o [1]
  .text              ro code  0x080025e8     0x4  startup_stm32f103xe.o [1]
  .text              ro code  0x080025ec     0x4  startup_stm32f103xe.o [1]
  .text              ro code  0x080025f0     0x4  startup_stm32f103xe.o [1]
  .text              ro code  0x080025f4     0x4  startup_stm32f103xe.o [1]
  .text              ro code  0x080025f8     0x4  startup_stm32f103xe.o [1]
  .text              ro code  0x080025fc     0x4  startup_stm32f103xe.o [1]
  .text              ro code  0x08002600     0x4  startup_stm32f103xe.o [1]
  .text              ro code  0x08002604     0x4  startup_stm32f103xe.o [1]
  .text              ro code  0x08002608     0x4  startup_stm32f103xe.o [1]
  .text              ro code  0x0800260c     0x4  startup_stm32f103xe.o [1]
  .text              ro code  0x08002610     0x4  startup_stm32f103xe.o [1]
  .text              ro code  0x08002614     0x4  startup_stm32f103xe.o [1]
  .text              ro code  0x08002618     0x4  startup_stm32f103xe.o [1]
  .text              ro code  0x0800261c     0x4  startup_stm32f103xe.o [1]
  .text              ro code  0x08002620     0x4  startup_stm32f103xe.o [1]
  .text              ro code  0x08002624     0x4  startup_stm32f103xe.o [1]
  .text              ro code  0x08002628     0x4  startup_stm32f103xe.o [1]
  .text              ro code  0x0800262c     0x4  startup_stm32f103xe.o [1]
  .text              ro code  0x08002630     0x4  startup_stm32f103xe.o [1]
  .text              ro code  0x08002634     0x4  startup_stm32f103xe.o [1]
  .text              ro code  0x08002638     0x4  startup_stm32f103xe.o [1]
  .text              ro code  0x0800263c     0x4  startup_stm32f103xe.o [1]
  .text              ro code  0x08002640     0x4  startup_stm32f103xe.o [1]
  .text              ro code  0x08002644     0x4  startup_stm32f103xe.o [1]
  .text              ro code  0x08002648     0x4  startup_stm32f103xe.o [1]
  .text              ro code  0x0800264c     0x4  startup_stm32f103xe.o [1]
  .text              ro code  0x08002650     0x4  startup_stm32f103xe.o [1]
  .text              ro code  0x08002654     0x4  startup_stm32f103xe.o [1]
  .text              ro code  0x08002658     0x4  startup_stm32f103xe.o [1]
  .text              ro code  0x0800265c     0x4  startup_stm32f103xe.o [1]
  .text              ro code  0x08002660     0x4  startup_stm32f103xe.o [1]
  .text              ro code  0x08002664     0x4  startup_stm32f103xe.o [1]
  .text              ro code  0x08002668     0x4  startup_stm32f103xe.o [1]
  .text              ro code  0x0800266c     0x4  startup_stm32f103xe.o [1]
  .text              ro code  0x08002670     0x4  startup_stm32f103xe.o [1]
  .text              ro code  0x08002674     0x4  startup_stm32f103xe.o [1]
  .text              ro code  0x08002678     0x4  startup_stm32f103xe.o [1]
  .text              ro code  0x0800267c     0x4  startup_stm32f103xe.o [1]
  .text              ro code  0x08002680     0x4  startup_stm32f103xe.o [1]
  .text              ro code  0x08002684     0x4  startup_stm32f103xe.o [1]
  .rodata            const    0x08002688     0x0  zero_init3.o [4]
  .rodata            const    0x08002688     0x0  copy_init3.o [4]
                            - 0x08002688  0x2558

"P2", part 1 of 3:                          0x10
  P2-1                        0x20000000    0x10  <Init block>
    .data            inited   0x20000000     0xc  stm32f1xx_hal.o [1]
    .data            inited   0x2000000c     0x4  system_stm32f1xx.o [1]
                            - 0x20000010    0x10

"P2", part 2 of 3:                         0x184
  .bss               zero     0x20000010    0x58  bsp_LockGpio.o [1]
  .bss               zero     0x20000068    0x44  bsp_Can.o [1]
  .bss               zero     0x200000ac    0x44  can.o [1]
  .bss               zero     0x200000f0    0x40  tim.o [1]
  .bss               zero     0x20000130    0x40  tim.o [1]
  .bss               zero     0x20000170    0x1c  bsp_LockGpio.o [1]
  .bss               zero     0x2000018c     0x6  main.o [1]
                            - 0x20000192   0x182

"P2", part 3 of 3:                         0x400
  CSTACK                      0x20000198   0x400  <Block>
    CSTACK           uninit   0x20000198   0x400  <Block tail>
                            - 0x20000598   0x400


*******************************************************************************
*** INIT TABLE
***

          Address     Size
          -------     ----
Zero (__iar_zero_init3)
    1 destination range, total size 0x182:
          0x20000010  0x182

Copy (__iar_copy_init3)
    1 source range, total size 0x10:
          0x08002590   0x10
    1 destination range, total size 0x10:
          0x20000000   0x10



*******************************************************************************
*** MODULE SUMMARY
***

    Module                  ro code  ro data  rw data
    ------                  -------  -------  -------
E:\Users\bertz\Documents\GitHub\SmartBoxPro\EWARM\MSmartBoxV1.0\Obj: [1]
    bsp_Can.o                   216                68
    bsp_LockGpio.o            2 152               116
    can.o                       224                68
    gpio.o                      394
    main.o                      446                 6
    startup_stm32f103xe.o       540
    stm32f1xx_hal.o             168       12       12
    stm32f1xx_hal_can.o       1 914
    stm32f1xx_hal_cortex.o      230
    stm32f1xx_hal_gpio.o        500
    stm32f1xx_hal_msp.o         136
    stm32f1xx_hal_rcc.o       1 210
    stm32f1xx_hal_tim.o         884
    stm32f1xx_hal_tim_ex.o       78
    stm32f1xx_it.o               68
    system_stm32f1xx.o           92        4        4
    tim.o                       316               128
    -------------------------------------------------
    Total:                    9 568       16      402

command line: [2]
    -------------------------------------------------
    Total:

dl7M_tlf.a: [3]
    exit.o                        4
    low_level_init.o              4
    -------------------------------------------------
    Total:                        8

rt7M_tl.a: [4]
    cexit.o                      10
    cmain.o                      30
    copy_init3.o                 44
    cstartup_M.o                 12
    data_init.o                  40
    zero_init3.o                 64
    -------------------------------------------------
    Total:                      200

shb_l.a: [5]
    exit.o                       20
    -------------------------------------------------
    Total:                       20

    Gaps                         16
    Linker created                        36    1 024
-----------------------------------------------------
    Grand Total:              9 812       52    1 426


*******************************************************************************
*** ENTRY LIST
***

Entry                      Address   Size  Type      Object
-----                      -------   ----  ----      ------
.iar.init_table$$Base   0x08002514          --   Gb  - Linker created -
.iar.init_table$$Limit  0x08002538          --   Gb  - Linker created -
?main                   0x08002539         Code  Gb  cmain.o [4]
AHBPrescTable           0x0800241c   0x10  Data  Gb  system_stm32f1xx.o [1]
BSP_CanFilterConfig     0x08000bf7   0x2a  Code  Gb  bsp_Can.o [1]
BSP_CanInit             0x08000b8d   0x6a  Code  Gb  bsp_Can.o [1]
BSP_CanSendDatas        0x08000c21   0x38  Code  Gb  bsp_Can.o [1]
BSP_LOCKCheckCtrlBuffer
                        0x08000949   0x2e  Code  Gb  bsp_LockGpio.o [1]
BSP_LOCKInit            0x08000131   0xa8  Code  Gb  bsp_LockGpio.o [1]
BSP_LOCKSendGoodsChangedMessage
                        0x08000425   0x2c  Code  Gb  bsp_LockGpio.o [1]
BSP_LOCKSendPinsChangedMessage
                        0x080006cb   0x2e  Code  Gb  bsp_LockGpio.o [1]
BSP_LOCKUpdateOfGoodsState
                        0x08000209  0x216  Code  Gb  bsp_LockGpio.o [1]
BSP_LOCKUpdateOfLockPinsState
                        0x08000451  0x24c  Code  Gb  bsp_LockGpio.o [1]
BSP_LOCKWriteCtrlBuffer
                        0x08000933   0x16  Code  Gb  bsp_LockGpio.o [1]
BSP_LOCKWriteCtrlPin    0x08000705  0x1ee  Code  Gb  bsp_LockGpio.o [1]
BusFault_Handler        0x08002433    0x2  Code  Gb  stm32f1xx_it.o [1]
CAN1_RX1_IRQHandler     0x0800244d    0x2  Code  Gb  stm32f1xx_it.o [1]
CAN1_SCE_IRQHandler     0x08002455    0x2  Code  Gb  stm32f1xx_it.o [1]
CAN_Receive_IT          0x080012cf  0x12a  Code  Lc  stm32f1xx_hal_can.o [1]
CSTACK$$Base            0x20000198          --   Gb  - Linker created -
CSTACK$$Limit           0x20000598          --   Gb  - Linker created -
CanId                   0x20000068    0x1  Data  Gb  bsp_Can.o [1]
CtrlBuffer              0x20000174   0x18  Data  Lc  bsp_LockGpio.o [1]
DebugMon_Handler        0x08002439    0x2  Code  Gb  stm32f1xx_it.o [1]
HAL_CAN_ConfigFilter    0x08000d71   0xb0  Code  Gb  stm32f1xx_hal_can.o [1]
HAL_CAN_GetState        0x080012c9    0x6  Code  Gb  stm32f1xx_hal_can.o [1]
HAL_CAN_IRQHandler      0x080010c1  0x1f0  Code  Gb  stm32f1xx_hal_can.o [1]
HAL_CAN_Init            0x08000c8d   0xe4  Code  Gb  stm32f1xx_hal_can.o [1]
HAL_CAN_MspInit         0x08001455   0x52  Code  Gb  can.o [1]
HAL_CAN_Receive_IT      0x08000ff3   0xb2  Code  Gb  stm32f1xx_hal_can.o [1]
HAL_CAN_RxCpltCallback  0x08001629   0x2e  Code  Gb  main.o [1]
HAL_CAN_Transmit        0x08000e41  0x1a6  Code  Gb  stm32f1xx_hal_can.o [1]
HAL_Delay               0x08000c65   0x28  Code  Wk  stm32f1xx_hal.o [1]
HAL_GPIO_Init           0x08000999  0x196  Code  Gb  stm32f1xx_hal_gpio.o [1]
HAL_GPIO_ReadPin        0x08000b2f    0xc  Code  Gb  stm32f1xx_hal_gpio.o [1]
HAL_GPIO_TogglePin      0x08000b47    0x8  Code  Gb  stm32f1xx_hal_gpio.o [1]
HAL_GPIO_WritePin       0x08000b3b    0xc  Code  Gb  stm32f1xx_hal_gpio.o [1]
HAL_GetTick             0x08001405    0xc  Code  Wk  stm32f1xx_hal.o [1]
HAL_IncTick             0x08002471   0x10  Code  Wk  stm32f1xx_hal.o [1]
HAL_Init                0x080016b5   0x20  Code  Gb  stm32f1xx_hal.o [1]
HAL_InitTick            0x080022b1   0x40  Code  Wk  stm32f1xx_hal.o [1]
HAL_MspInit             0x080022f1   0x88  Code  Gb  stm32f1xx_hal_msp.o [1]
HAL_NVIC_EnableIRQ      0x08001a13    0xa  Code  Gb  stm32f1xx_hal_cortex.o [1]
HAL_NVIC_SetPriority    0x080019d9   0x3a  Code  Gb  stm32f1xx_hal_cortex.o [1]
HAL_NVIC_SetPriorityGrouping
                        0x080019bf   0x1a  Code  Gb  stm32f1xx_hal_cortex.o [1]
HAL_RCC_ClockConfig     0x08002111  0x10c  Code  Gb  stm32f1xx_hal_rcc.o [1]
HAL_RCC_GetHCLKFreq     0x0800226d    0x6  Code  Gb  stm32f1xx_hal_rcc.o [1]
HAL_RCC_GetSysClockFreq
                        0x08002231   0x3c  Code  Gb  stm32f1xx_hal_rcc.o [1]
HAL_RCC_GetSysClockFreq::aPLLMULFactorTable
                        0x0800229c   0x10  Data  Lc  stm32f1xx_hal_rcc.o [1]
HAL_RCC_GetSysClockFreq::aPredivFactorTable
                        0x080022ac    0x2  Data  Lc  stm32f1xx_hal_rcc.o [1]
HAL_RCC_OscConfig       0x08001df5  0x314  Code  Gb  stm32f1xx_hal_rcc.o [1]
HAL_SYSTICK_CLKSourceConfig
                        0x08001a4f   0x1a  Code  Gb  stm32f1xx_hal_cortex.o [1]
HAL_SYSTICK_Config      0x08001a27   0x28  Code  Gb  stm32f1xx_hal_cortex.o [1]
HAL_SYSTICK_IRQHandler  0x08001a81    0x4  Code  Gb  stm32f1xx_hal_cortex.o [1]
HAL_TIMEx_BreakCallback
                        0x080023c7    0x2  Code  Wk  stm32f1xx_hal_tim_ex.o [1]
HAL_TIMEx_CommutationCallback
                        0x080023cb    0x2  Code  Wk  stm32f1xx_hal_tim_ex.o [1]
HAL_TIMEx_MasterConfigSynchronization
                        0x08002379   0x4a  Code  Gb  stm32f1xx_hal_tim_ex.o [1]
HAL_TIM_Base_Init       0x08001a89   0x1a  Code  Gb  stm32f1xx_hal_tim.o [1]
HAL_TIM_Base_MspInit    0x0800191d   0x38  Code  Gb  tim.o [1]
HAL_TIM_Base_Start_IT   0x08001aa3   0x16  Code  Gb  stm32f1xx_hal_tim.o [1]
HAL_TIM_ConfigClockSource
                        0x08001c25   0xac  Code  Gb  stm32f1xx_hal_tim.o [1]
HAL_TIM_IRQHandler      0x08001add  0x142  Code  Gb  stm32f1xx_hal_tim.o [1]
HAL_TIM_PeriodElapsedCallback
                        0x08001657   0x42  Code  Gb  main.o [1]
HardFault_Handler       0x0800242f    0x2  Code  Gb  stm32f1xx_it.o [1]
LockGoodsStateChangedBuffer
                        0x20000010   0x2c  Data  Lc  bsp_LockGpio.o [1]
LockPinsStateChangedBuffer
                        0x2000003c   0x2c  Data  Lc  bsp_LockGpio.o [1]
MX_CAN_Init             0x08001411   0x44  Code  Gb  can.o [1]
MX_GPIO_Init            0x080016d9  0x146  Code  Gb  gpio.o [1]
MX_TIM4_Init            0x08001865   0x42  Code  Gb  tim.o [1]
MX_TIM5_Init            0x080018a9   0x44  Code  Gb  tim.o [1]
MemManage_Handler       0x08002431    0x2  Code  Gb  stm32f1xx_it.o [1]
NMI_Handler             0x0800242d    0x2  Code  Gb  stm32f1xx_it.o [1]
NVIC_SetPriority        0x080019a1   0x1e  Code  Lc  stm32f1xx_hal_cortex.o [1]
NeedHandBufferFlag      0x20000170    0x1  Data  Lc  bsp_LockGpio.o [1]
PendSV_Handler          0x0800243b    0x2  Code  Gb  stm32f1xx_it.o [1]
Region$$Table$$Base     0x08002514          --   Gb  - Linker created -
Region$$Table$$Limit    0x08002538          --   Gb  - Linker created -
RxMessage               0x20000088   0x24  Data  Lc  bsp_Can.o [1]
SVC_Handler             0x08002437    0x2  Code  Gb  stm32f1xx_it.o [1]
SysTick_Handler         0x0800243d    0xe  Code  Gb  stm32f1xx_it.o [1]
SystemClock_Config      0x080015b7   0x72  Code  Gb  main.o [1]
SystemCoreClock         0x2000000c    0x4  Data  Gb  system_stm32f1xx.o [1]
SystemInit              0x080023d1   0x3a  Code  Gb  system_stm32f1xx.o [1]
TIM4_IRQHandler         0x08002457    0x6  Code  Gb  stm32f1xx_it.o [1]
TIM5_IRQHandler         0x0800245d    0x6  Code  Gb  stm32f1xx_it.o [1]
TIM_Base_SetConfig      0x08001cfb   0x74  Code  Gb  stm32f1xx_hal_tim.o [1]
TIM_ETR_SetConfig       0x08001ddb   0x14  Code  Lc  stm32f1xx_hal_tim.o [1]
TIM_ITRx_SetConfig      0x08001dcb   0x10  Code  Lc  stm32f1xx_hal_tim.o [1]
TIM_TI1_ConfigInputStage
                        0x08001d89   0x1e  Code  Lc  stm32f1xx_hal_tim.o [1]
TIM_TI2_ConfigInputStage
                        0x08001da7   0x24  Code  Lc  stm32f1xx_hal_tim.o [1]
Tim4Cnt                 0x2000018e    0x2  Data  Gb  main.o [1]
Tim4CntFlag             0x2000018c    0x1  Data  Gb  main.o [1]
Tim5Cnt                 0x20000190    0x2  Data  Gb  main.o [1]
Tim5CntFlag             0x2000018d    0x1  Data  Gb  main.o [1]
TxMessage               0x2000006c   0x1c  Data  Lc  bsp_Can.o [1]
USB_LP_CAN1_RX0_IRQHandler
                        0x0800244b    0x2  Code  Gb  stm32f1xx_it.o [1]
UsageFault_Handler      0x08002435    0x2  Code  Gb  stm32f1xx_it.o [1]
_Error_Handler          0x080016b1    0x2  Code  Gb  main.o [1]
__cmain                 0x08002539         Code  Gb  cmain.o [4]
__exit                  0x0800256d   0x14  Code  Gb  exit.o [5]
__iar_copy_init3        0x080024c1   0x2c  Code  Gb  copy_init3.o [4]
__iar_data_init3        0x080024ed   0x28  Code  Gb  data_init.o [4]
__iar_program_start     0x080025a1         Code  Gb  cstartup_M.o [4]
__iar_systems$$module {Abs}
                        0x00000001         Data  Gb  command line/config [2]
__iar_zero_init3        0x08002481   0x40  Code  Gb  zero_init3.o [4]
__low_level_init        0x08002557    0x4  Code  Gb  low_level_init.o [3]
__vector_table          0x08000000         Data  Gb  startup_stm32f103xe.o [1]
_call_main              0x08002545         Code  Gb  cmain.o [4]
_exit                   0x08002561         Code  Gb  cexit.o [4]
_main                   0x08002553         Code  Gb  cmain.o [4]
exit                    0x0800255b    0x4  Code  Gb  exit.o [3]
hcan                    0x200000ac   0x44  Data  Gb  can.o [1]
htim4                   0x200000f0   0x40  Data  Gb  tim.o [1]
htim5                   0x20000130   0x40  Data  Gb  tim.o [1]
main                    0x080014f5   0xc2  Code  Gb  main.o [1]
uwTick                  0x20000004    0x4  Data  Gb  stm32f1xx_hal.o [1]
uwTickFreq              0x20000000    0x1  Data  Gb  stm32f1xx_hal.o [1]
uwTickPrio              0x20000008    0x4  Data  Gb  stm32f1xx_hal.o [1]


[1] = E:\Users\bertz\Documents\GitHub\SmartBoxPro\EWARM\MSmartBoxV1.0\Obj
[2] = command line
[3] = dl7M_tlf.a
[4] = rt7M_tl.a
[5] = shb_l.a

  9 812 bytes of readonly  code memory
     52 bytes of readonly  data memory
  1 426 bytes of readwrite data memory

Errors: none
Warnings: none
