###############################################################################
#
# IAR ELF Linker V8.22.1.15669/W32 for ARM                26/Apr/2018  14:50:54
# Copyright 2007-2018 IAR Systems AB.
#
#    Output file  =  
#        E:\Users\bertz\Documents\GitHub\SmartBoxPro\EWARM\MSmartBoxV1.0\Exe\MSmartBoxV1.0.out
#    Map file     =  
#        E:\Users\bertz\Documents\GitHub\SmartBoxPro\EWARM\MSmartBoxV1.0\List\MSmartBoxV1.0.map
#    Command line =  
#        -f C:\Users\bertz\AppData\Local\Temp\EW52FA.tmp
#        (E:\Users\bertz\Documents\GitHub\SmartBoxPro\EWARM\MSmartBoxV1.0\Obj\bsp_Can.o
#        E:\Users\bertz\Documents\GitHub\SmartBoxPro\EWARM\MSmartBoxV1.0\Obj\bsp_LockGpio.o
#        E:\Users\bertz\Documents\GitHub\SmartBoxPro\EWARM\MSmartBoxV1.0\Obj\can.o
#        E:\Users\bertz\Documents\GitHub\SmartBoxPro\EWARM\MSmartBoxV1.0\Obj\gpio.o
#        E:\Users\bertz\Documents\GitHub\SmartBoxPro\EWARM\MSmartBoxV1.0\Obj\main.o
#        E:\Users\bertz\Documents\GitHub\SmartBoxPro\EWARM\MSmartBoxV1.0\Obj\startup_stm32f103xe.o
#        E:\Users\bertz\Documents\GitHub\SmartBoxPro\EWARM\MSmartBoxV1.0\Obj\stm32f1xx_hal.o
#        E:\Users\bertz\Documents\GitHub\SmartBoxPro\EWARM\MSmartBoxV1.0\Obj\stm32f1xx_hal_can.o
#        E:\Users\bertz\Documents\GitHub\SmartBoxPro\EWARM\MSmartBoxV1.0\Obj\stm32f1xx_hal_cortex.o
#        E:\Users\bertz\Documents\GitHub\SmartBoxPro\EWARM\MSmartBoxV1.0\Obj\stm32f1xx_hal_dma.o
#        E:\Users\bertz\Documents\GitHub\SmartBoxPro\EWARM\MSmartBoxV1.0\Obj\stm32f1xx_hal_flash.o
#        E:\Users\bertz\Documents\GitHub\SmartBoxPro\EWARM\MSmartBoxV1.0\Obj\stm32f1xx_hal_flash_ex.o
#        E:\Users\bertz\Documents\GitHub\SmartBoxPro\EWARM\MSmartBoxV1.0\Obj\stm32f1xx_hal_gpio.o
#        E:\Users\bertz\Documents\GitHub\SmartBoxPro\EWARM\MSmartBoxV1.0\Obj\stm32f1xx_hal_gpio_ex.o
#        E:\Users\bertz\Documents\GitHub\SmartBoxPro\EWARM\MSmartBoxV1.0\Obj\stm32f1xx_hal_msp.o
#        E:\Users\bertz\Documents\GitHub\SmartBoxPro\EWARM\MSmartBoxV1.0\Obj\stm32f1xx_hal_pwr.o
#        E:\Users\bertz\Documents\GitHub\SmartBoxPro\EWARM\MSmartBoxV1.0\Obj\stm32f1xx_hal_rcc.o
#        E:\Users\bertz\Documents\GitHub\SmartBoxPro\EWARM\MSmartBoxV1.0\Obj\stm32f1xx_hal_rcc_ex.o
#        E:\Users\bertz\Documents\GitHub\SmartBoxPro\EWARM\MSmartBoxV1.0\Obj\stm32f1xx_hal_tim.o
#        E:\Users\bertz\Documents\GitHub\SmartBoxPro\EWARM\MSmartBoxV1.0\Obj\stm32f1xx_hal_tim_ex.o
#        E:\Users\bertz\Documents\GitHub\SmartBoxPro\EWARM\MSmartBoxV1.0\Obj\stm32f1xx_it.o
#        E:\Users\bertz\Documents\GitHub\SmartBoxPro\EWARM\MSmartBoxV1.0\Obj\system_stm32f1xx.o
#        E:\Users\bertz\Documents\GitHub\SmartBoxPro\EWARM\MSmartBoxV1.0\Obj\tim.o
#        --redirect _Printf=_PrintfFull --redirect _Scanf=_ScanfFull -o
#        E:\Users\bertz\Documents\GitHub\SmartBoxPro\EWARM\MSmartBoxV1.0\Exe\MSmartBoxV1.0.out
#        --map
#        E:\Users\bertz\Documents\GitHub\SmartBoxPro\EWARM\MSmartBoxV1.0\List\MSmartBoxV1.0.map
#        --config
#        E:\Users\bertz\Documents\GitHub\SmartBoxPro\EWARM/stm32f103xe_flash.icf
#        --semihosting --entry __iar_program_start --vfe --text_out locale)
#
###############################################################################

*******************************************************************************
*** RUNTIME MODEL ATTRIBUTES
***

CppFlavor       = *
__SystemLibrary = DLib
__dlib_version  = 6


*******************************************************************************
*** HEAP SELECTION
***

The basic heap was selected because no calls to memory allocation
functions were found in the application outside of system library
functions, and there are calls to deallocation functions in the
application.


*******************************************************************************
*** PLACEMENT SUMMARY
***

"A0":  place at 0x08000000 { ro section .intvec };
"P1":  place in [from 0x08000000 to 0x0807ffff] { ro };
define block CSTACK with size = 1K, alignment = 8 { };
define block HEAP with size = 512, alignment = 8 { };
"P2":  place in [from 0x20000000 to 0x2000ffff] {
          rw, block CSTACK, block HEAP };
initialize by copy { rw };

  Section            Kind        Address    Size  Object
  -------            ----        -------    ----  ------
"A0":                                      0x130
  .intvec            ro code  0x08000000   0x130  startup_stm32f103xe.o [1]
                            - 0x08000130   0x130

"P1":                                     0x2548
  .text              ro code  0x08000130   0x868  bsp_LockGpio.o [1]
  .text              ro code  0x08000998   0x1f4  stm32f1xx_hal_gpio.o [1]
  .text              ro code  0x08000b8c    0xe0  bsp_Can.o [1]
  .text              ro code  0x08000c6c    0x28  stm32f1xx_hal.o [1]
  .text              ro code  0x08000c94   0x776  stm32f1xx_hal_can.o [1]
  .text              ro code  0x0800140c     0xc  stm32f1xx_hal.o [1]
  .text              ro code  0x08001418    0xe0  can.o [1]
  .text              ro code  0x080014f8     0x2  stm32f1xx_hal_can.o [1]
  .text              ro code  0x080014fa     0x2  stm32f1xx_hal_can.o [1]
  .text              ro code  0x080014fc   0x1a6  main.o [1]
  .text              ro code  0x080016a4    0x24  stm32f1xx_hal.o [1]
  .text              ro code  0x080016c8   0x18a  gpio.o [1]
  .text              ro code  0x08001854   0x13c  tim.o [1]
  .text              ro code  0x08001990    0xe6  stm32f1xx_hal_cortex.o [1]
  .text              ro code  0x08001a78   0x36c  stm32f1xx_hal_tim.o [1]
  .text              ro code  0x08001de4   0x4ba  stm32f1xx_hal_rcc.o [1]
  .text              ro code  0x080022a0    0x40  stm32f1xx_hal.o [1]
  .text              ro code  0x080022e0    0x88  stm32f1xx_hal_msp.o [1]
  .text              ro code  0x08002368    0x4a  stm32f1xx_hal_tim_ex.o [1]
  .text              ro code  0x080023b2     0x2  stm32f1xx_hal_tim.o [1]
  .text              ro code  0x080023b4     0x2  stm32f1xx_hal_tim.o [1]
  .text              ro code  0x080023b6     0x2  stm32f1xx_hal_tim_ex.o [1]
  .text              ro code  0x080023b8     0x2  stm32f1xx_hal_tim.o [1]
  .text              ro code  0x080023ba     0x2  stm32f1xx_hal_tim_ex.o [1]
  .text              ro code  0x080023bc     0x2  stm32f1xx_hal_tim.o [1]
  .text              ro code  0x080023c0    0x5c  system_stm32f1xx.o [1]
  .text              ro code  0x0800241c    0x44  stm32f1xx_it.o [1]
  .text              ro code  0x08002460    0x10  stm32f1xx_hal.o [1]
  .text              ro code  0x08002470    0x40  zero_init3.o [4]
  .text              ro code  0x080024b0    0x2c  copy_init3.o [4]
  .text              ro code  0x080024dc    0x28  data_init.o [4]
  .iar.init_table    const    0x08002504    0x24  - Linker created -
  .text              ro code  0x08002528    0x1e  cmain.o [4]
  .text              ro code  0x08002546     0x4  low_level_init.o [3]
  .text              ro code  0x0800254a     0x4  exit.o [3]
  .text              ro code  0x08002550     0xa  cexit.o [4]
  .text              ro code  0x0800255c    0x14  exit.o [5]
  .text              ro code  0x08002570    0x10  startup_stm32f103xe.o [1]
  Initializer bytes  const    0x08002580    0x10  <for P2-1>
  .text              ro code  0x08002590     0xc  cstartup_M.o [4]
  .text              ro code  0x0800259c     0x4  startup_stm32f103xe.o [1]
  .text              ro code  0x080025a0     0x4  startup_stm32f103xe.o [1]
  .text              ro code  0x080025a4     0x4  startup_stm32f103xe.o [1]
  .text              ro code  0x080025a8     0x4  startup_stm32f103xe.o [1]
  .text              ro code  0x080025ac     0x4  startup_stm32f103xe.o [1]
  .text              ro code  0x080025b0     0x4  startup_stm32f103xe.o [1]
  .text              ro code  0x080025b4     0x4  startup_stm32f103xe.o [1]
  .text              ro code  0x080025b8     0x4  startup_stm32f103xe.o [1]
  .text              ro code  0x080025bc     0x4  startup_stm32f103xe.o [1]
  .text              ro code  0x080025c0     0x4  startup_stm32f103xe.o [1]
  .text              ro code  0x080025c4     0x4  startup_stm32f103xe.o [1]
  .text              ro code  0x080025c8     0x4  startup_stm32f103xe.o [1]
  .text              ro code  0x080025cc     0x4  startup_stm32f103xe.o [1]
  .text              ro code  0x080025d0     0x4  startup_stm32f103xe.o [1]
  .text              ro code  0x080025d4     0x4  startup_stm32f103xe.o [1]
  .text              ro code  0x080025d8     0x4  startup_stm32f103xe.o [1]
  .text              ro code  0x080025dc     0x4  startup_stm32f103xe.o [1]
  .text              ro code  0x080025e0     0x4  startup_stm32f103xe.o [1]
  .text              ro code  0x080025e4     0x4  startup_stm32f103xe.o [1]
  .text              ro code  0x080025e8     0x4  startup_stm32f103xe.o [1]
  .text              ro code  0x080025ec     0x4  startup_stm32f103xe.o [1]
  .text              ro code  0x080025f0     0x4  startup_stm32f103xe.o [1]
  .text              ro code  0x080025f4     0x4  startup_stm32f103xe.o [1]
  .text              ro code  0x080025f8     0x4  startup_stm32f103xe.o [1]
  .text              ro code  0x080025fc     0x4  startup_stm32f103xe.o [1]
  .text              ro code  0x08002600     0x4  startup_stm32f103xe.o [1]
  .text              ro code  0x08002604     0x4  startup_stm32f103xe.o [1]
  .text              ro code  0x08002608     0x4  startup_stm32f103xe.o [1]
  .text              ro code  0x0800260c     0x4  startup_stm32f103xe.o [1]
  .text              ro code  0x08002610     0x4  startup_stm32f103xe.o [1]
  .text              ro code  0x08002614     0x4  startup_stm32f103xe.o [1]
  .text              ro code  0x08002618     0x4  startup_stm32f103xe.o [1]
  .text              ro code  0x0800261c     0x4  startup_stm32f103xe.o [1]
  .text              ro code  0x08002620     0x4  startup_stm32f103xe.o [1]
  .text              ro code  0x08002624     0x4  startup_stm32f103xe.o [1]
  .text              ro code  0x08002628     0x4  startup_stm32f103xe.o [1]
  .text              ro code  0x0800262c     0x4  startup_stm32f103xe.o [1]
  .text              ro code  0x08002630     0x4  startup_stm32f103xe.o [1]
  .text              ro code  0x08002634     0x4  startup_stm32f103xe.o [1]
  .text              ro code  0x08002638     0x4  startup_stm32f103xe.o [1]
  .text              ro code  0x0800263c     0x4  startup_stm32f103xe.o [1]
  .text              ro code  0x08002640     0x4  startup_stm32f103xe.o [1]
  .text              ro code  0x08002644     0x4  startup_stm32f103xe.o [1]
  .text              ro code  0x08002648     0x4  startup_stm32f103xe.o [1]
  .text              ro code  0x0800264c     0x4  startup_stm32f103xe.o [1]
  .text              ro code  0x08002650     0x4  startup_stm32f103xe.o [1]
  .text              ro code  0x08002654     0x4  startup_stm32f103xe.o [1]
  .text              ro code  0x08002658     0x4  startup_stm32f103xe.o [1]
  .text              ro code  0x0800265c     0x4  startup_stm32f103xe.o [1]
  .text              ro code  0x08002660     0x4  startup_stm32f103xe.o [1]
  .text              ro code  0x08002664     0x4  startup_stm32f103xe.o [1]
  .text              ro code  0x08002668     0x4  startup_stm32f103xe.o [1]
  .text              ro code  0x0800266c     0x4  startup_stm32f103xe.o [1]
  .text              ro code  0x08002670     0x4  startup_stm32f103xe.o [1]
  .text              ro code  0x08002674     0x4  startup_stm32f103xe.o [1]
  .rodata            const    0x08002678     0x0  zero_init3.o [4]
  .rodata            const    0x08002678     0x0  copy_init3.o [4]
                            - 0x08002678  0x2548

"P2", part 1 of 3:                          0x10
  P2-1                        0x20000000    0x10  <Init block>
    .data            inited   0x20000000     0xc  stm32f1xx_hal.o [1]
    .data            inited   0x2000000c     0x4  system_stm32f1xx.o [1]
                            - 0x20000010    0x10

"P2", part 2 of 3:                         0x184
  .bss               zero     0x20000010    0x58  bsp_LockGpio.o [1]
  .bss               zero     0x20000068    0x44  bsp_Can.o [1]
  .bss               zero     0x200000ac    0x44  can.o [1]
  .bss               zero     0x200000f0    0x40  tim.o [1]
  .bss               zero     0x20000130    0x40  tim.o [1]
  .bss               zero     0x20000170    0x1c  bsp_LockGpio.o [1]
  .bss               zero     0x2000018c     0x6  main.o [1]
                            - 0x20000192   0x182

"P2", part 3 of 3:                         0x400
  CSTACK                      0x20000198   0x400  <Block>
    CSTACK           uninit   0x20000198   0x400  <Block tail>
                            - 0x20000598   0x400


*******************************************************************************
*** INIT TABLE
***

          Address     Size
          -------     ----
Zero (__iar_zero_init3)
    1 destination range, total size 0x182:
          0x20000010  0x182

Copy (__iar_copy_init3)
    1 source range, total size 0x10:
          0x08002580   0x10
    1 destination range, total size 0x10:
          0x20000000   0x10



*******************************************************************************
*** MODULE SUMMARY
***

    Module                  ro code  ro data  rw data
    ------                  -------  -------  -------
E:\Users\bertz\Documents\GitHub\SmartBoxPro\EWARM\MSmartBoxV1.0\Obj: [1]
    bsp_Can.o                   224                68
    bsp_LockGpio.o            2 152               116
    can.o                       224                68
    gpio.o                      394
    main.o                      422                 6
    startup_stm32f103xe.o       540
    stm32f1xx_hal.o             168       12       12
    stm32f1xx_hal_can.o       1 914
    stm32f1xx_hal_cortex.o      230
    stm32f1xx_hal_gpio.o        500
    stm32f1xx_hal_msp.o         136
    stm32f1xx_hal_rcc.o       1 210
    stm32f1xx_hal_tim.o         884
    stm32f1xx_hal_tim_ex.o       78
    stm32f1xx_it.o               68
    system_stm32f1xx.o           92        4        4
    tim.o                       316               128
    -------------------------------------------------
    Total:                    9 552       16      402

command line: [2]
    -------------------------------------------------
    Total:

dl7M_tlf.a: [3]
    exit.o                        4
    low_level_init.o              4
    -------------------------------------------------
    Total:                        8

rt7M_tl.a: [4]
    cexit.o                      10
    cmain.o                      30
    copy_init3.o                 44
    cstartup_M.o                 12
    data_init.o                  40
    zero_init3.o                 64
    -------------------------------------------------
    Total:                      200

shb_l.a: [5]
    exit.o                       20
    -------------------------------------------------
    Total:                       20

    Gaps                         16
    Linker created                        36    1 024
-----------------------------------------------------
    Grand Total:              9 796       52    1 426


*******************************************************************************
*** ENTRY LIST
***

Entry                      Address   Size  Type      Object
-----                      -------   ----  ----      ------
.iar.init_table$$Base   0x08002504          --   Gb  - Linker created -
.iar.init_table$$Limit  0x08002528          --   Gb  - Linker created -
?main                   0x08002529         Code  Gb  cmain.o [4]
AHBPrescTable           0x0800240c   0x10  Data  Gb  system_stm32f1xx.o [1]
BSP_CanFilterConfig     0x08000bfd   0x2a  Code  Gb  bsp_Can.o [1]
BSP_CanInit             0x08000b8d   0x6a  Code  Gb  bsp_Can.o [1]
BSP_CanSendDatas        0x08000c27   0x38  Code  Gb  bsp_Can.o [1]
BSP_LOCKCheckCtrlBuffer
                        0x08000949   0x2e  Code  Gb  bsp_LockGpio.o [1]
BSP_LOCKInit            0x08000131   0xa8  Code  Gb  bsp_LockGpio.o [1]
BSP_LOCKSendGoodsChangedMessage
                        0x08000425   0x2c  Code  Gb  bsp_LockGpio.o [1]
BSP_LOCKSendPinsChangedMessage
                        0x080006cb   0x2e  Code  Gb  bsp_LockGpio.o [1]
BSP_LOCKUpdateOfGoodsState
                        0x08000209  0x216  Code  Gb  bsp_LockGpio.o [1]
BSP_LOCKUpdateOfLockPinsState
                        0x08000451  0x24c  Code  Gb  bsp_LockGpio.o [1]
BSP_LOCKWriteCtrlBuffer
                        0x08000933   0x16  Code  Gb  bsp_LockGpio.o [1]
BSP_LOCKWriteCtrlPin    0x08000705  0x1ee  Code  Gb  bsp_LockGpio.o [1]
BusFault_Handler        0x08002423    0x2  Code  Gb  stm32f1xx_it.o [1]
CAN1_RX1_IRQHandler     0x0800243d    0x2  Code  Gb  stm32f1xx_it.o [1]
CAN1_SCE_IRQHandler     0x08002445    0x2  Code  Gb  stm32f1xx_it.o [1]
CAN_Receive_IT          0x080012d7  0x12a  Code  Lc  stm32f1xx_hal_can.o [1]
CSTACK$$Base            0x20000198          --   Gb  - Linker created -
CSTACK$$Limit           0x20000598          --   Gb  - Linker created -
CanId                   0x20000068    0x1  Data  Gb  bsp_Can.o [1]
CtrlBuffer              0x20000174   0x18  Data  Lc  bsp_LockGpio.o [1]
DebugMon_Handler        0x08002429    0x2  Code  Gb  stm32f1xx_it.o [1]
HAL_CAN_ConfigFilter    0x08000d79   0xb0  Code  Gb  stm32f1xx_hal_can.o [1]
HAL_CAN_GetState        0x080012d1    0x6  Code  Gb  stm32f1xx_hal_can.o [1]
HAL_CAN_IRQHandler      0x080010c9  0x1f0  Code  Gb  stm32f1xx_hal_can.o [1]
HAL_CAN_Init            0x08000c95   0xe4  Code  Gb  stm32f1xx_hal_can.o [1]
HAL_CAN_MspInit         0x0800145d   0x52  Code  Gb  can.o [1]
HAL_CAN_Receive_IT      0x08000ffb   0xb2  Code  Gb  stm32f1xx_hal_can.o [1]
HAL_CAN_RxCpltCallback  0x08001619   0x2e  Code  Gb  main.o [1]
HAL_CAN_Transmit        0x08000e49  0x1a6  Code  Gb  stm32f1xx_hal_can.o [1]
HAL_Delay               0x08000c6d   0x28  Code  Wk  stm32f1xx_hal.o [1]
HAL_GPIO_Init           0x08000999  0x196  Code  Gb  stm32f1xx_hal_gpio.o [1]
HAL_GPIO_ReadPin        0x08000b2f    0xc  Code  Gb  stm32f1xx_hal_gpio.o [1]
HAL_GPIO_TogglePin      0x08000b47    0x8  Code  Gb  stm32f1xx_hal_gpio.o [1]
HAL_GPIO_WritePin       0x08000b3b    0xc  Code  Gb  stm32f1xx_hal_gpio.o [1]
HAL_GetTick             0x0800140d    0xc  Code  Wk  stm32f1xx_hal.o [1]
HAL_IncTick             0x08002461   0x10  Code  Wk  stm32f1xx_hal.o [1]
HAL_Init                0x080016a5   0x20  Code  Gb  stm32f1xx_hal.o [1]
HAL_InitTick            0x080022a1   0x40  Code  Wk  stm32f1xx_hal.o [1]
HAL_MspInit             0x080022e1   0x88  Code  Gb  stm32f1xx_hal_msp.o [1]
HAL_NVIC_EnableIRQ      0x08001a03    0xa  Code  Gb  stm32f1xx_hal_cortex.o [1]
HAL_NVIC_SetPriority    0x080019c9   0x3a  Code  Gb  stm32f1xx_hal_cortex.o [1]
HAL_NVIC_SetPriorityGrouping
                        0x080019af   0x1a  Code  Gb  stm32f1xx_hal_cortex.o [1]
HAL_RCC_ClockConfig     0x08002101  0x10c  Code  Gb  stm32f1xx_hal_rcc.o [1]
HAL_RCC_GetHCLKFreq     0x0800225d    0x6  Code  Gb  stm32f1xx_hal_rcc.o [1]
HAL_RCC_GetSysClockFreq
                        0x08002221   0x3c  Code  Gb  stm32f1xx_hal_rcc.o [1]
HAL_RCC_GetSysClockFreq::aPLLMULFactorTable
                        0x0800228c   0x10  Data  Lc  stm32f1xx_hal_rcc.o [1]
HAL_RCC_GetSysClockFreq::aPredivFactorTable
                        0x0800229c    0x2  Data  Lc  stm32f1xx_hal_rcc.o [1]
HAL_RCC_OscConfig       0x08001de5  0x314  Code  Gb  stm32f1xx_hal_rcc.o [1]
HAL_SYSTICK_CLKSourceConfig
                        0x08001a3f   0x1a  Code  Gb  stm32f1xx_hal_cortex.o [1]
HAL_SYSTICK_Config      0x08001a17   0x28  Code  Gb  stm32f1xx_hal_cortex.o [1]
HAL_SYSTICK_IRQHandler  0x08001a71    0x4  Code  Gb  stm32f1xx_hal_cortex.o [1]
HAL_TIMEx_BreakCallback
                        0x080023b7    0x2  Code  Wk  stm32f1xx_hal_tim_ex.o [1]
HAL_TIMEx_CommutationCallback
                        0x080023bb    0x2  Code  Wk  stm32f1xx_hal_tim_ex.o [1]
HAL_TIMEx_MasterConfigSynchronization
                        0x08002369   0x4a  Code  Gb  stm32f1xx_hal_tim_ex.o [1]
HAL_TIM_Base_Init       0x08001a79   0x1a  Code  Gb  stm32f1xx_hal_tim.o [1]
HAL_TIM_Base_MspInit    0x0800190d   0x38  Code  Gb  tim.o [1]
HAL_TIM_Base_Start_IT   0x08001a93   0x16  Code  Gb  stm32f1xx_hal_tim.o [1]
HAL_TIM_ConfigClockSource
                        0x08001c15   0xac  Code  Gb  stm32f1xx_hal_tim.o [1]
HAL_TIM_IRQHandler      0x08001acd  0x142  Code  Gb  stm32f1xx_hal_tim.o [1]
HAL_TIM_PeriodElapsedCallback
                        0x08001647   0x42  Code  Gb  main.o [1]
HardFault_Handler       0x0800241f    0x2  Code  Gb  stm32f1xx_it.o [1]
LockGoodsStateChangedBuffer
                        0x20000010   0x2c  Data  Lc  bsp_LockGpio.o [1]
LockPinsStateChangedBuffer
                        0x2000003c   0x2c  Data  Lc  bsp_LockGpio.o [1]
MX_CAN_Init             0x08001419   0x44  Code  Gb  can.o [1]
MX_GPIO_Init            0x080016c9  0x146  Code  Gb  gpio.o [1]
MX_TIM4_Init            0x08001855   0x42  Code  Gb  tim.o [1]
MX_TIM5_Init            0x08001899   0x44  Code  Gb  tim.o [1]
MemManage_Handler       0x08002421    0x2  Code  Gb  stm32f1xx_it.o [1]
NMI_Handler             0x0800241d    0x2  Code  Gb  stm32f1xx_it.o [1]
NVIC_SetPriority        0x08001991   0x1e  Code  Lc  stm32f1xx_hal_cortex.o [1]
NeedHandBufferFlag      0x20000170    0x1  Data  Lc  bsp_LockGpio.o [1]
PendSV_Handler          0x0800242b    0x2  Code  Gb  stm32f1xx_it.o [1]
Region$$Table$$Base     0x08002504          --   Gb  - Linker created -
Region$$Table$$Limit    0x08002528          --   Gb  - Linker created -
RxMessage               0x20000088   0x24  Data  Lc  bsp_Can.o [1]
SVC_Handler             0x08002427    0x2  Code  Gb  stm32f1xx_it.o [1]
SysTick_Handler         0x0800242d    0xe  Code  Gb  stm32f1xx_it.o [1]
SystemClock_Config      0x080015a7   0x72  Code  Gb  main.o [1]
SystemCoreClock         0x2000000c    0x4  Data  Gb  system_stm32f1xx.o [1]
SystemInit              0x080023c1   0x3a  Code  Gb  system_stm32f1xx.o [1]
TIM4_IRQHandler         0x08002447    0x6  Code  Gb  stm32f1xx_it.o [1]
TIM5_IRQHandler         0x0800244d    0x6  Code  Gb  stm32f1xx_it.o [1]
TIM_Base_SetConfig      0x08001ceb   0x74  Code  Gb  stm32f1xx_hal_tim.o [1]
TIM_ETR_SetConfig       0x08001dcb   0x14  Code  Lc  stm32f1xx_hal_tim.o [1]
TIM_ITRx_SetConfig      0x08001dbb   0x10  Code  Lc  stm32f1xx_hal_tim.o [1]
TIM_TI1_ConfigInputStage
                        0x08001d79   0x1e  Code  Lc  stm32f1xx_hal_tim.o [1]
TIM_TI2_ConfigInputStage
                        0x08001d97   0x24  Code  Lc  stm32f1xx_hal_tim.o [1]
Tim4Cnt                 0x2000018e    0x2  Data  Gb  main.o [1]
Tim4CntFlag             0x2000018c    0x1  Data  Gb  main.o [1]
Tim5Cnt                 0x20000190    0x2  Data  Gb  main.o [1]
Tim5CntFlag             0x2000018d    0x1  Data  Gb  main.o [1]
TxMessage               0x2000006c   0x1c  Data  Lc  bsp_Can.o [1]
USB_LP_CAN1_RX0_IRQHandler
                        0x0800243b    0x2  Code  Gb  stm32f1xx_it.o [1]
UsageFault_Handler      0x08002425    0x2  Code  Gb  stm32f1xx_it.o [1]
_Error_Handler          0x080016a1    0x2  Code  Gb  main.o [1]
__cmain                 0x08002529         Code  Gb  cmain.o [4]
__exit                  0x0800255d   0x14  Code  Gb  exit.o [5]
__iar_copy_init3        0x080024b1   0x2c  Code  Gb  copy_init3.o [4]
__iar_data_init3        0x080024dd   0x28  Code  Gb  data_init.o [4]
__iar_program_start     0x08002591         Code  Gb  cstartup_M.o [4]
__iar_systems$$module {Abs}
                        0x00000001         Data  Gb  command line/config [2]
__iar_zero_init3        0x08002471   0x40  Code  Gb  zero_init3.o [4]
__low_level_init        0x08002547    0x4  Code  Gb  low_level_init.o [3]
__vector_table          0x08000000         Data  Gb  startup_stm32f103xe.o [1]
_call_main              0x08002535         Code  Gb  cmain.o [4]
_exit                   0x08002551         Code  Gb  cexit.o [4]
_main                   0x08002543         Code  Gb  cmain.o [4]
exit                    0x0800254b    0x4  Code  Gb  exit.o [3]
hcan                    0x200000ac   0x44  Data  Gb  can.o [1]
htim4                   0x200000f0   0x40  Data  Gb  tim.o [1]
htim5                   0x20000130   0x40  Data  Gb  tim.o [1]
main                    0x080014fd   0xaa  Code  Gb  main.o [1]
uwTick                  0x20000004    0x4  Data  Gb  stm32f1xx_hal.o [1]
uwTickFreq              0x20000000    0x1  Data  Gb  stm32f1xx_hal.o [1]
uwTickPrio              0x20000008    0x4  Data  Gb  stm32f1xx_hal.o [1]


[1] = E:\Users\bertz\Documents\GitHub\SmartBoxPro\EWARM\MSmartBoxV1.0\Obj
[2] = command line
[3] = dl7M_tlf.a
[4] = rt7M_tl.a
[5] = shb_l.a

  9 796 bytes of readonly  code memory
     52 bytes of readonly  data memory
  1 426 bytes of readwrite data memory

Errors: none
Warnings: none
